Starting a Gradle Daemon, 1 incompatible and 7 stopped Daemons could not be reused, use --status for details
.\gradlew.bat : Warning: SDK processing. This version only understands SDK XML versions up to 3 but an SDK XML file of 
version 4 was encountered. This can happen if you use versions of Android Studio and the command-line tools that were 
released at different times.
At line:1 char:1
+ .\gradlew.bat compileDebugKotlin > compile_output.txt 2>&1 ; Get-Cont ...
+ ~~~~~~~~~~~~~~~~~~~~~~~~~~~~~~~~~~~~~~~~~~~~~~~~~~~~~~~~~~
    + CategoryInfo          : NotSpecified: (Warning: SDK pr...ifferent times.:String) [], RemoteException
    + FullyQualifiedErrorId : NativeCommandError
 
> Task :app:checkKotlinGradlePluginConfigurationErrors SKIPPED
> Task :app:preBuild UP-TO-DATE
> Task :app:preDebugBuild UP-TO-DATE
> Task :app:generateDebugBuildConfig UP-TO-DATE
> Task :app:checkApolloVersions UP-TO-DATE
> Task :app:generateShopifyApolloSources UP-TO-DATE
> Task :checkShopifyApolloDuplicates UP-TO-DATE
> Task :app:checkDebugAarMetadata UP-TO-DATE
> Task :app:generateDebugResValues UP-TO-DATE
> Task :app:mapDebugSourceSetPaths UP-TO-DATE
> Task :app:generateDebugResources UP-TO-DATE
> Task :app:mergeDebugResources UP-TO-DATE
> Task :app:packageDebugResources UP-TO-DATE
> Task :app:parseDebugLocalResources UP-TO-DATE
> Task :app:createDebugCompatibleScreenManifests UP-TO-DATE
> Task :app:extractDeepLinksDebug UP-TO-DATE
> Task :app:processDebugMainManifest UP-TO-DATE
> Task :app:processDebugManifest UP-TO-DATE
> Task :app:processDebugManifestForPackage UP-TO-DATE
> Task :app:processDebugResources UP-TO-DATE
> Task :app:kspDebugKotlin UP-TO-DATE
> Task :app:copyRoomSchemas NO-SOURCE
> Task :app:compileDebugKotlin
e: file:///F:/Android%20Projects/Candroid/ShopFlow/app/src/main/java/com/shopflow/app/presentation/screens/auth/Registe
rScreen.kt:267:23 No value passed for parameter 'onNavigateToLogin'.
e: file:///F:/Android%20Projects/Candroid/ShopFlow/app/src/main/java/com/shopflow/app/presentation/screens/auth/Registe
rScreen.kt:267:23 No value passed for parameter 'onRegisterSuccess'.
e: file:///F:/Android%20Projects/Candroid/ShopFlow/app/src/main/java/com/shopflow/app/presentation/screens/cart/CartScr
een.kt:207:19 No value passed for parameter 'onNavigateBack'.
e: file:///F:/Android%20Projects/Candroid/ShopFlow/app/src/main/java/com/shopflow/app/presentation/screens/cart/CartScr
een.kt:207:19 No value passed for parameter 'onProceedToCheckout'.
e: file:///F:/Android%20Projects/Candroid/ShopFlow/app/src/main/java/com/shopflow/app/presentation/screens/checkout/Che
ckoutScreen.kt:63:23 No value passed for parameter 'onNavigateBack'.
e: file:///F:/Android%20Projects/Candroid/ShopFlow/app/src/main/java/com/shopflow/app/presentation/screens/home/HomeScr
een.kt:239:13 No value passed for parameter 'onNavigateToNotifications'.
e: file:///F:/Android%20Projects/Candroid/ShopFlow/app/src/main/java/com/shopflow/app/presentation/screens/home/HomeScr
een.kt:239:41 Argument type mismatch: actual type is 'kotlin.String', but 'kotlin.Function1<kotlin.String, 
kotlin.Unit>' was expected.
e: file:///F:/Android%20Projects/Candroid/ShopFlow/app/src/main/java/com/shopflow/app/presentation/screens/notification
s/NotificationScreen.kt:142:27 No value passed for parameter 'onNavigateBack'.
e: file:///F:/Android%20Projects/Candroid/ShopFlow/app/src/main/java/com/shopflow/app/presentation/screens/notification
s/NotificationScreen.kt:142:27 No value passed for parameter 'onNavigateToDeepLink'.
e: file:///F:/Android%20Projects/Candroid/ShopFlow/app/src/main/java/com/shopflow/app/presentation/screens/onboarding/O
nboardingScreen.kt:164:25 No value passed for parameter 'onFinish'.
e: file:///F:/Android%20Projects/Candroid/ShopFlow/app/src/main/java/com/shopflow/app/presentation/screens/order/OrderC
onfirmationScreen.kt:107:32 No value passed for parameter 'onContinueShopping'.
e: file:///F:/Android%20Projects/Candroid/ShopFlow/app/src/main/java/com/shopflow/app/presentation/screens/orders/Order
HistoryScreen.kt:179:27 No value passed for parameter 'onNavigateBack'.
e: file:///F:/Android%20Projects/Candroid/ShopFlow/app/src/main/java/com/shopflow/app/presentation/screens/orders/Order
HistoryScreen.kt:179:27 No value passed for parameter 'onNavigateToOrderDetails'.
e: file:///F:/Android%20Projects/Candroid/ShopFlow/app/src/main/java/com/shopflow/app/presentation/screens/product/Prod
uctDetailScreen.kt:308:28 No value passed for parameter 'onNavigateBack'.
e: file:///F:/Android%20Projects/Candroid/ShopFlow/app/src/main/java/com/shopflow/app/presentation/screens/product/Prod
uctDetailScreen.kt:308:28 No value passed for parameter 'onNavigateToCart'.
e: file:///F:/Android%20Projects/Candroid/ShopFlow/app/src/main/java/com/shopflow/app/presentation/screens/profile/Prof
ileScreen.kt:176:22 No value passed for parameter 'onNavigateToSettings'.
e: file:///F:/Android%20Projects/Candroid/ShopFlow/app/src/main/java/com/shopflow/app/presentation/screens/profile/Prof
ileScreen.kt:176:22 No value passed for parameter 'onNavigateToOrders'.
e: file:///F:/Android%20Projects/Candroid/ShopFlow/app/src/main/java/com/shopflow/app/presentation/screens/profile/Prof
ileScreen.kt:176:22 No value passed for parameter 'onNavigateToWishlist'.
e: file:///F:/Android%20Projects/Candroid/ShopFlow/app/src/main/java/com/shopflow/app/presentation/screens/settings/Set
tingsScreen.kt:177:23 No value passed for parameter 'onNavigateBack'.
e: file:///F:/Android%20Projects/Candroid/ShopFlow/app/src/main/java/com/shopflow/app/presentation/screens/wishlist/Wis
hlistScreen.kt:157:23 No value passed for parameter 'onNavigateBack'.
e: file:///F:/Android%20Projects/Candroid/ShopFlow/app/src/main/java/com/shopflow/app/presentation/screens/wishlist/Wis
hlistScreen.kt:157:23 No value passed for parameter 'onNavigateToProduct'.

> Task :app:compileDebugKotlin FAILED

FAILURE: Build failed with an exception.

* What went wrong:
Execution failed for task ':app:compileDebugKotlin'.
> A failure occurred while executing 
org.jetbrains.kotlin.compilerRunner.GradleCompilerRunnerWithWorkers$GradleKotlinCompilerWorkAction
   > Compilation error. See log for more details

* Try:
> Run with --stacktrace option to get the stack trace.
> Run with --info or --debug option to get more log output.
> Run with --scan to get full insights.
> Get more help at https://help.gradle.org.

Deprecated Gradle features were used in this build, making it incompatible with Gradle 9.0.

You can use '--warning-mode all' to show the individual deprecation warnings and determine if they come from your own scripts or plugins.

For more on this, please refer to https://docs.gradle.org/8.10.2/userguide/command_line_interface.html#sec:command_line_warnings in the Gradle documentation.

BUILD FAILED in 1m 21s
19 actionable tasks: 1 executed, 18 up-to-date
